  console.log
    [CardEffectParser] Resolving 'produce' from card: Test Card [produce]

      at CardEffectParser.log [as resolve] (shared/CardEffectParser.ts:51:17)

  console.log
    [CardEffectParser] produce: +1 PA ÔåÆ User_p1

      at CardEffectParser.log [as resolveProduce] (shared/CardEffectParser.ts:265:21)

  console.log
    [CardEffectParser] Resolving 'steal_pa' from card: Test Card [steal_pa]

      at CardEffectParser.log [as resolve] (shared/CardEffectParser.ts:51:17)

  console.log
    [CardEffectParser] steal_pa: User_p1 stole 2 PA from User_p2

      at CardEffectParser.log [as resolveStealPA] (shared/CardEffectParser.ts:281:17)

  console.log
    [CardEffectParser] Resolving 'steal_pa' from card: Test Card [steal_pa]

      at CardEffectParser.log [as resolve] (shared/CardEffectParser.ts:51:17)

  console.log
    [CardEffectParser] steal_pa: User_p1 stole 0 PA from User_p2

      at CardEffectParser.log [as resolveStealPA] (shared/CardEffectParser.ts:281:17)

  console.log
    [CardEffectParser] Resolving 'steal_pa' from card: Test Card [steal_pa]

      at CardEffectParser.log [as resolve] (shared/CardEffectParser.ts:51:17)

  console.log
    [CardEffectParser] steal_pa: User_p1 stole 1 PA from User_p2

      at CardEffectParser.log [as resolveStealPA] (shared/CardEffectParser.ts:281:17)

  console.log
    [CardEffectParser] Resolving 'steal_pa' from card: Test Card [steal_pa]

      at CardEffectParser.log [as resolve] (shared/CardEffectParser.ts:51:17)

  console.log
    [CardEffectParser] Resolving 'steal_card' from card: Test Card [steal_card]

      at CardEffectParser.log [as resolve] (shared/CardEffectParser.ts:51:17)

  console.log
    [CardEffectParser] Resolving 'steal_card' from card: Test Card [steal_card]

      at CardEffectParser.log [as resolve] (shared/CardEffectParser.ts:51:17)

  console.log
    [CardEffectParser] Resolving 'steal_card' from card: Test Card [steal_card]

      at CardEffectParser.log [as resolve] (shared/CardEffectParser.ts:51:17)

  console.log
    [CardEffectParser] steal_card: User_p1 stole 1 card(s) from User_p2

      at CardEffectParser.log [as resolveStealCard] (shared/CardEffectParser.ts:301:17)

  console.log
    [CardEffectParser] Resolving 'protect' from card: Test Card [protect]

      at CardEffectParser.log [as resolve] (shared/CardEffectParser.ts:51:17)

  console.log
    [CardEffectParser] protect: "protected" tag added to User_p1

      at CardEffectParser.log [as resolveProtect] (shared/CardEffectParser.ts:372:17)

  console.log
    [CardEffectParser] Resolving 'protect' from card: Test Card [protect]

      at CardEffectParser.log [as resolve] (shared/CardEffectParser.ts:51:17)

  console.log
    [CardEffectParser] protect: "protected" tag added to User_p1

      at CardEffectParser.log [as resolveProtect] (shared/CardEffectParser.ts:372:17)

  console.log
    [CardEffectParser] Resolving 'passive_bonus' from card: Test Card [passive_bonus]

      at CardEffectParser.log [as resolve] (shared/CardEffectParser.ts:51:17)

  console.log
    [CardEffectParser] passive_bonus: "win_multiplier_2" added to User_p1

      at CardEffectParser.log [as resolvePassiveBonus] (shared/CardEffectParser.ts:385:17)

  console.log
    [CardEffectParser] Resolving 'discount_cost' from card: Test Card [discount_cost]

      at CardEffectParser.log [as resolve] (shared/CardEffectParser.ts:51:17)

  console.log
    [CardEffectParser] discount_cost: "discount_trick_2" added to User_p1

      at CardEffectParser.log [as resolveDiscountCost] (shared/CardEffectParser.ts:398:17)

  console.log
    [CardEffectParser] Resolving 'trade_random' from card: Test Card [trade_random]

      at CardEffectParser.log [as resolve] (shared/CardEffectParser.ts:51:17)

  console.log
    [CardEffectParser] trade_random: User_p1 Ôåö User_p2

      at CardEffectParser.log [as resolveTradeRandom] (shared/CardEffectParser.ts:433:17)

  console.log
    [CardEffectParser] Resolving 'trade_random' from card: Test Card [trade_random]

      at CardEffectParser.log [as resolve] (shared/CardEffectParser.ts:51:17)

  console.log
    [CardEffectParser] trade_random: User_p1 Ôåö User_p2

      at CardEffectParser.log [as resolveTradeRandom] (shared/CardEffectParser.ts:433:17)

  console.log
    [CardEffectParser] Resolving 'trade_random' from card: Test Card [trade_random]

      at CardEffectParser.log [as resolve] (shared/CardEffectParser.ts:51:17)

  console.log
    [CardEffectParser] trade_random: User_p1 Ôåö User_p2

      at CardEffectParser.log [as resolveTradeRandom] (shared/CardEffectParser.ts:433:17)

  console.log
    [CardEffectParser] Resolving 'cancel_effect' from card: Test Card [cancel_effect]

      at CardEffectParser.log [as resolve] (shared/CardEffectParser.ts:51:17)

  console.log
    [CardEffectParser] cancel_effect: pendingAction pa_1772614839192 marked isCancelled=true

      at CardEffectParser.log [as resolveCancelEffect] (shared/CardEffectParser.ts:348:21)

  console.log
    [CardEffectParser] Resolving 'steal_played_card' from card: Test Card [steal_played_card]

      at CardEffectParser.log [as resolve] (shared/CardEffectParser.ts:51:17)

  console.log
    [CardEffectParser] steal_played_card: action pa_1772614839193 cancelled; card added to User_p2's hand

      at CardEffectParser.log [as resolveStealPlayedCard] (shared/CardEffectParser.ts:473:17)

  console.log
    [resolveQueue] Reaction[1] '"Non ├¿ di mia competenza"' (cancel_effect) by User_p1

      at CardEffectParser.log [as resolveQueue] (shared/CardEffectParser.ts:173:21)

  console.log
    [CardEffectParser] Resolving 'cancel_effect' from card: "Non ├¿ di mia competenza"

      at CardEffectParser.log [as resolve] (shared/CardEffectParser.ts:51:17)

  console.log
    [CardEffectParser] cancel_effect: pendingAction orig_001 marked isCancelled=true

      at CardEffectParser.log [as resolveCancelEffect] (shared/CardEffectParser.ts:348:21)

  console.log
    [resolveQueue] Original action orig_001 was CANCELLED by reactions. No effect applied.

      at CardEffectParser.log [as resolveQueue] (shared/CardEffectParser.ts:183:21)

  console.log
    [CardEffectParser] Resolving 'steal_pa' from card: Falso in Bilancio

      at CardEffectParser.log [as resolve] (shared/CardEffectParser.ts:51:17)

  console.log
    [CardEffectParser] steal_pa: User_p1 stole 2 PA from User_p2

      at CardEffectParser.log [as resolveStealPA] (shared/CardEffectParser.ts:281:17)

  console.log
    [CardEffectParser] Resolving 'produce' from card: Lo Stagista Sfruttato

      at CardEffectParser.log [as resolve] (shared/CardEffectParser.ts:51:17)

  console.log
    [CardEffectParser] produce: +1 PA ÔåÆ User_p1

      at CardEffectParser.log [as resolveProduce] (shared/CardEffectParser.ts:265:21)

  console.log
    [resolveQueue] Reaction[0] '"Non ├¿ di mia competenza"' (cancel_effect) by User_p2

      at CardEffectParser.log [as resolveQueue] (shared/CardEffectParser.ts:173:21)

  console.log
    [CardEffectParser] Resolving 'cancel_effect' from card: "Non ├¿ di mia competenza"

      at CardEffectParser.log [as resolve] (shared/CardEffectParser.ts:51:17)

  console.log
    [CardEffectParser] cancel_effect: pendingAction orig_emp_01 marked isCancelled=true

      at CardEffectParser.log [as resolveCancelEffect] (shared/CardEffectParser.ts:348:21)

  console.log
    [resolveQueue] Original action orig_emp_01 was CANCELLED by reactions. No effect applied.

      at CardEffectParser.log [as resolveQueue] (shared/CardEffectParser.ts:183:21)

node.exe : FAIL tests/CardEffectParser.test.ts
In riga:1 car:1
+ & "C:\Program Files\nodejs/node.exe" 
"C:\Program Files\nodejs/node_mo ...
+ ~~~~~~~~~~~~~~~~~~~~~~~~~~~~~~~~~~~~~~~~~~~~~~
~~~~~~~~~~~~~~~~~~~~~~~
    + CategoryInfo          : NotSpecified: (FA 
   IL tests/CardEffectParser.test.ts:String) [  
  ], RemoteException
    + FullyQualifiedErrorId : NativeCommandErro 
   r
 
  CardEffectParser.resolve ÔÇö individual 
effects
    ÔêÜ produce: +1 PA to source (15 ms)
    ÔêÜ steal_pa: steals up to available PA 
(normal case) (1 ms)
    ÔêÜ steal_pa: target has 0 PA ÔÇö no 
negative, steals 0 (2 ms)
    ÔêÜ steal_pa: target has fewer PA than 
amount ÔÇö clamped (2 ms)
    ÔêÜ steal_pa: no target ÔÇö returns false 
(1 ms)
    ÔêÜ steal_card: empty hand does NOT crash, 
returns false (2 ms)
    ÔêÜ steal_card: steals 1 card from 
non-empty hand (1 ms)
    ├ù protect: adds 'protected' tag to target 
(2 ms)
    ÔêÜ protect: falls back to source if no 
target (1 ms)
    ÔêÜ passive_bonus: adds 'win_multiplier_2' 
tag (1 ms)
    ÔêÜ discount_cost: adds 'discount_trick_2' 
tag (1 ms)
    ├ù trade_random: bidirectional swap (3 ms)
    ÔêÜ trade_random: no crash when hands are 
empty (3 ms)
    ÔêÜ cancel_effect: sets isCancelled=true on 
passed pendingAction (1 ms)
    ÔêÜ steal_played_card: cancels pending 
action (2 ms)
  CardEffectParser.resolveQueue ÔÇö LIFO 
reaction chain
    ÔêÜ LIFO: last reaction cancel_effect 
blocks original steal_pa ÔÇö success=false, no 
PA stolen (3 ms)
    ÔêÜ resolveQueue: no reactions ÔÇö original 
action executes (1 ms)
    ÔêÜ resolveQueue: logs are populated and 
non-empty (1 ms)
    ÔêÜ LIFO: PLAY_EMPLOYEE cancelled by 
reaction ÔÇö success: false, not added to 
company (2 ms)

  ÔùÅ CardEffectParser.resolve ÔÇö individual 
effects ÔÇ║ protect: adds 'protected' tag to 
target

    expect(received).toContain(expected) // 
indexOf

    Expected value: "protected"
    Received array: []

      144 |         const card = 
makeCardTemplate({ action: "protect", target: 
"employee", amount: 1 });
      145 |         
expect(CardEffectParser.resolve(card, p1, p2, 
state)).toBe(true);
    > 146 |         
expect(p2.activeEffects).toContain("protected");
          |                                  ^
      147 |     });
      148 |
      149 |     test("protect: falls back to 
source if no target", () => {

      at Object.toContain 
(tests/CardEffectParser.test.ts:146:34)

  ÔùÅ CardEffectParser.resolve ÔÇö individual 
effects ÔÇ║ trade_random: bidirectional swap

    expect(received).toBe(expected) // 
Object.is equality

    Expected: "tgt_card"
    Received: "src_card"

      179 |         
expect(p1.hand.length).toBe(1);
      180 |         
expect(p2.hand.length).toBe(1);
    > 181 |         
expect(p1.hand[0]?.id).toBe("tgt_card");
          |                                ^
      182 |         
expect(p2.hand[0]?.id).toBe("src_card");
      183 |     });
      184 |

      at Object.toBe 
(tests/CardEffectParser.test.ts:181:32)

Test Suites: 1 failed, 1 total
Tests:       2 failed, 17 passed, 19 total
Snapshots:   0 total
Time:        0.637 s, estimated 1 s
Ran all test suites matching 
tests/CardEffectParser.test.ts.
